18:37:39 **** Build of configuration Debug for project lab1 ****
make all 
make --no-print-directory pre-build
a9-linaro-pre-build-step
 
make --no-print-directory main-build
Building file: ../src/helloworld.c
Invoking: ARM v7 gcc compiler
arm-none-eabi-gcc -Wall -O0 -g3 -c -fmessage-length=0 -MT"src/helloworld.o" -mcpu=cortex-a9 -mfpu=vfpv3 -mfloat-abi=hard -I/home/soc/Documents/duc-k68/lab1/system_wrapper/export/system_wrapper/sw/system_wrapper/standalone_ps7_cortexa9_0/bspinclude/include -MMD -MP -MF"src/helloworld.d" -MT"src/helloworld.o" -o "src/helloworld.o" "../src/helloworld.c"
Finished building: ../src/helloworld.c
 
Building file: ../src/platform.c
Invoking: ARM v7 gcc compiler
arm-none-eabi-gcc -Wall -O0 -g3 -c -fmessage-length=0 -MT"src/platform.o" -mcpu=cortex-a9 -mfpu=vfpv3 -mfloat-abi=hard -I/home/soc/Documents/duc-k68/lab1/system_wrapper/export/system_wrapper/sw/system_wrapper/standalone_ps7_cortexa9_0/bspinclude/include -MMD -MP -MF"src/platform.d" -MT"src/platform.o" -o "src/platform.o" "../src/platform.c"
Finished building: ../src/platform.c
 
Building target: lab1.elf
Invoking: ARM v7 gcc linker
arm-none-eabi-gcc -mcpu=cortex-a9 -mfpu=vfpv3 -mfloat-abi=hard -Wl,-build-id=none -specs=Xilinx.spec -Wl,-T -Wl,../src/lscript.ld -L/home/soc/Documents/duc-k68/lab1/system_wrapper/export/system_wrapper/sw/system_wrapper/standalone_ps7_cortexa9_0/bsplib/lib -o "lab1.elf"  ./src/helloworld.o ./src/platform.o   -Wl,--start-group,-lxil,-lgcc,-lc,--end-group
Finished building target: lab1.elf
 
Invoking: ARM v7 Print Size
arm-none-eabi-size lab1.elf  |tee "lab1.elf.size"
   text	   data	    bss	    dec	    hex	filename
  19096	   1144	  22568	  42808	   a738	lab1.elf
Finished building: lab1.elf.size
 
Nothing to build in platform 'system_wrapper'

18:37:40 **** Incremental Build of configuration Debug for project lab1 ****
make all 
make --no-print-directory pre-build
a9-linaro-pre-build-step
 
make --no-print-directory main-build
make[1]: Nothing to be done for 'main-build'.
18:37:40 **** Build of configuration Debug for project lab1_system ****
make all 
Generating bif file for the system project
Executing command '::scw::generate_bif -xpfm /home/soc/Documents/duc-k68/lab1/system_wrapper/export/system_wrapper/system_wrapper.xpfm -domains standalone_ps7_cortexa9_0 -bifpath /home/soc/Documents/duc-k68/lab1/lab1_system/Debug/system.bif' on XSCT
sdcard_gen --xpfm /home/soc/Documents/duc-k68/lab1/system_wrapper/export/system_wrapper/system_wrapper.xpfm --sys_config system_wrapper --bif /home/soc/Documents/duc-k68/lab1/lab1_system/Debug/system.bif --no_bitstream --elf /home/soc/Documents/duc-k68/lab1/lab1/Debug/lab1.elf,ps7_cortexa9_0
Running /tools/Xilinx/Vitis/2023.2/bin/bootgen  -image /home/soc/Documents/duc-k68/lab1/lab1_system/Debug/sd_card_temp/boot.bif -w -o i BOOT.BIN
